Copyright 1986-2022 Xilinx, Inc. All Rights Reserved.
--------------------------------------------------------------------------------------
| Tool Version : Vivado v.2022.1 (lin64) Build 3526262 Mon Apr 18 15:47:01 MDT 2022
| Date         : Tue Nov 22 16:03:21 2022
| Host         : kite running 64-bit CachyOS
| Command      : report_control_sets -verbose -file TopModule_control_sets_placed.rpt
| Design       : TopModule
| Device       : xc7a100t
--------------------------------------------------------------------------------------

Control Set Information

Table of Contents
-----------------
1. Summary
2. Histogram
3. Flip-Flop Distribution
4. Detailed Control Set Information

1. Summary
----------

+----------------------------------------------------------+-------+
|                          Status                          | Count |
+----------------------------------------------------------+-------+
| Total control sets                                       |   278 |
|    Minimum number of control sets                        |   278 |
|    Addition due to synthesis replication                 |     0 |
|    Addition due to physical synthesis replication        |     0 |
| Unused register locations in slices containing registers |   585 |
+----------------------------------------------------------+-------+
* Control sets can be merged at opt_design using control_set_merge or merge_equivalent_drivers
** Run report_qor_suggestions for automated merging and remapping suggestions


2. Histogram
------------

+--------------------+-------+
|       Fanout       | Count |
+--------------------+-------+
| Total control sets |   278 |
| >= 0 to < 4        |     1 |
| >= 4 to < 6        |     5 |
| >= 6 to < 8        |     1 |
| >= 8 to < 10       |     2 |
| >= 10 to < 12      |     1 |
| >= 12 to < 14      |     4 |
| >= 14 to < 16      |     0 |
| >= 16              |   264 |
+--------------------+-------+
* Control sets can be remapped at either synth_design or opt_design


3. Flip-Flop Distribution
-------------------------

+--------------+-----------------------+------------------------+-----------------+--------------+
| Clock Enable | Synchronous Set/Reset | Asynchronous Set/Reset | Total Registers | Total Slices |
+--------------+-----------------------+------------------------+-----------------+--------------+
| No           | No                    | No                     |              58 |           23 |
| No           | No                    | Yes                    |               0 |            0 |
| No           | Yes                   | No                     |              36 |           12 |
| Yes          | No                    | No                     |            5549 |         2438 |
| Yes          | No                    | Yes                    |               0 |            0 |
| Yes          | Yes                   | No                     |             996 |          596 |
+--------------+-----------------------+------------------------+-----------------+--------------+


4. Detailed Control Set Information
-----------------------------------

+----------------------------------+------------------------------------------+------------------------------------------+------------------+----------------+--------------+
|           Clock Signal           |               Enable Signal              |             Set/Reset Signal             | Slice Load Count | Bel Load Count | Bels / Slice |
+----------------------------------+------------------------------------------+------------------------------------------+------------------+----------------+--------------+
|  bcd1/count_reg_n_0_[10]         |                                          |                                          |                1 |              2 |         2.00 |
|  clk_in_IBUF_BUFG                | bcd1/A2/r_BCD[15]                        | bcd1/A2/r_BCD[15]_i_1_n_0                |                2 |              4 |         2.00 |
|  clk_in_IBUF_BUFG                | bcd1/A2/r_BCD[3]_i_2_n_0                 | bcd1/A2/r_BCD[3]_i_1_n_0                 |                2 |              4 |         2.00 |
|  clk_in_IBUF_BUFG                | bcd1/A2/r_Digit_Index[3]_i_1_n_0         |                                          |                2 |              4 |         2.00 |
|  clk_in_IBUF_BUFG                | bcd1/A2/r_BCD[11]_i_2_n_0                | bcd1/A2/r_BCD[11]_i_1_n_0                |                2 |              4 |         2.00 |
|  clk_in_IBUF_BUFG                | bcd1/A2/r_BCD[7]_i_2_n_0                 | bcd1/A2/r_BCD[7]_i_1_n_0                 |                3 |              4 |         1.33 |
|  bcd1/A4/Segments_reg[6]_i_2_n_0 |                                          |                                          |                2 |              7 |         3.50 |
|  clk_in_IBUF_BUFG                | bcd1/A2/r_Loop_Count[7]_i_1_n_0          |                                          |                2 |              8 |         4.00 |
|  clk_BUFG                        |                                          | cacheController/clear                    |                5 |              9 |         1.80 |
|  clk_BUFG                        |                                          |                                          |                8 |             11 |         1.38 |
|  clk_BUFG                        | cacheController/fetch_reg_0              | cacheController/clear                    |                4 |             13 |         3.25 |
|  clk_BUFG                        | cacheController/hit_count[0]_i_1_n_0     | cacheController/clear                    |                4 |             13 |         3.25 |
|  clk_BUFG                        | cacheController/miss_count[0]_i_1_n_0    | cacheController/clear                    |                4 |             13 |         3.25 |
|  clk_in_IBUF_BUFG                | bcd1/A2/r_Binary_0                       |                                          |                4 |             13 |         3.25 |
|  bcd1/A2/E[0]                    |                                          |                                          |                5 |             16 |         3.20 |
|  clk_BUFG                        | cacheController/tag_dir[191][25]_i_1_n_0 | cacheController/clear                    |                8 |             19 |         2.38 |
|  clk_BUFG                        | cacheController/p_423_in[21]             |                                          |               13 |             22 |         1.69 |
|  clk_BUFG                        | cacheController/p_399_in[21]             |                                          |               13 |             22 |         1.69 |
|  clk_BUFG                        | cacheController/p_421_in[21]             |                                          |                7 |             22 |         3.14 |
|  clk_BUFG                        | cacheController/p_41_in[21]              |                                          |                8 |             22 |         2.75 |
|  clk_BUFG                        | cacheController/p_419_in[21]             |                                          |                7 |             22 |         3.14 |
|  clk_BUFG                        | cacheController/p_417_in[21]             |                                          |               10 |             22 |         2.20 |
|  clk_BUFG                        | cacheController/p_415_in[21]             |                                          |                9 |             22 |         2.44 |
|  clk_BUFG                        | cacheController/p_413_in[21]             |                                          |               14 |             22 |         1.57 |
|  clk_BUFG                        | cacheController/p_411_in[21]             |                                          |                8 |             22 |         2.75 |
|  clk_BUFG                        | cacheController/p_409_in[21]             |                                          |               10 |             22 |         2.20 |
|  clk_BUFG                        | cacheController/p_407_in[21]             |                                          |                7 |             22 |         3.14 |
|  clk_BUFG                        | cacheController/p_405_in[21]             |                                          |                6 |             22 |         3.67 |
|  clk_BUFG                        | cacheController/p_403_in[21]             |                                          |               10 |             22 |         2.20 |
|  clk_BUFG                        | cacheController/p_401_in[21]             |                                          |               13 |             22 |         1.69 |
|  clk_BUFG                        | cacheController/p_3_in[21]               |                                          |               13 |             22 |         1.69 |
|  clk_BUFG                        | cacheController/p_39_in[21]              |                                          |                7 |             22 |         3.14 |
|  clk_BUFG                        | cacheController/p_453_in[21]             |                                          |                5 |             22 |         4.40 |
|  clk_BUFG                        | cacheController/p_425_in[21]             |                                          |               13 |             22 |         1.69 |
|  clk_BUFG                        | cacheController/p_427_in[21]             |                                          |                8 |             22 |         2.75 |
|  clk_BUFG                        | cacheController/p_429_in[21]             |                                          |               14 |             22 |         1.57 |
|  clk_BUFG                        | cacheController/p_431_in[21]             |                                          |                7 |             22 |         3.14 |
|  clk_BUFG                        | cacheController/p_433_in[21]             |                                          |               11 |             22 |         2.00 |
|  clk_BUFG                        | cacheController/p_435_in[21]             |                                          |               13 |             22 |         1.69 |
|  clk_BUFG                        | cacheController/p_437_in[21]             |                                          |                6 |             22 |         3.67 |
|  clk_BUFG                        | cacheController/p_439_in[21]             |                                          |                9 |             22 |         2.44 |
|  clk_BUFG                        | cacheController/p_43_in[21]              |                                          |                9 |             22 |         2.44 |
|  clk_BUFG                        | cacheController/p_441_in[21]             |                                          |               12 |             22 |         1.83 |
|  clk_BUFG                        | cacheController/p_443_in[21]             |                                          |                8 |             22 |         2.75 |
|  clk_BUFG                        | cacheController/p_445_in[21]             |                                          |               10 |             22 |         2.20 |
|  clk_BUFG                        | cacheController/p_447_in[21]             |                                          |                6 |             22 |         3.67 |
|  clk_BUFG                        | cacheController/p_449_in[21]             |                                          |               10 |             22 |         2.20 |
|  clk_BUFG                        | cacheController/p_451_in[21]             |                                          |               10 |             22 |         2.20 |
|  clk_BUFG                        | cacheController/p_33_in[21]              |                                          |                7 |             22 |         3.14 |
|  clk_BUFG                        | cacheController/p_367_in[21]             |                                          |                9 |             22 |         2.44 |
|  clk_BUFG                        | cacheController/p_109_in[21]             |                                          |                9 |             22 |         2.44 |
|  clk_BUFG                        | cacheController/p_341_in[21]             |                                          |               15 |             22 |         1.47 |
|  clk_BUFG                        | cacheController/p_343_in[21]             |                                          |               11 |             22 |         2.00 |
|  clk_BUFG                        | cacheController/p_345_in[21]             |                                          |                6 |             22 |         3.67 |
|  clk_BUFG                        | cacheController/p_347_in[21]             |                                          |               11 |             22 |         2.00 |
|  clk_BUFG                        | cacheController/p_349_in[21]             |                                          |               16 |             22 |         1.38 |
|  clk_BUFG                        | cacheController/p_351_in[21]             |                                          |                9 |             22 |         2.44 |
|  clk_BUFG                        | cacheController/p_353_in[21]             |                                          |                6 |             22 |         3.67 |
|  clk_BUFG                        | cacheController/p_355_in[21]             |                                          |               11 |             22 |         2.00 |
|  clk_BUFG                        | cacheController/p_357_in[21]             |                                          |               15 |             22 |         1.47 |
|  clk_BUFG                        | cacheController/p_359_in[21]             |                                          |               10 |             22 |         2.20 |
|  clk_BUFG                        | cacheController/p_35_in[21]              |                                          |                8 |             22 |         2.75 |
|  clk_BUFG                        | cacheController/p_361_in[21]             |                                          |                6 |             22 |         3.67 |
|  clk_BUFG                        | cacheController/p_363_in[21]             |                                          |               19 |             22 |         1.16 |
|  clk_BUFG                        | cacheController/p_365_in[21]             |                                          |               12 |             22 |         1.83 |
|  clk_BUFG                        | cacheController/p_397_in[21]             |                                          |               15 |             22 |         1.47 |
|  clk_BUFG                        | cacheController/p_369_in[21]             |                                          |                9 |             22 |         2.44 |
|  clk_BUFG                        | cacheController/p_371_in[21]             |                                          |               11 |             22 |         2.00 |
|  clk_BUFG                        | cacheController/p_373_in[21]             |                                          |               10 |             22 |         2.20 |
|  clk_BUFG                        | cacheController/p_375_in[21]             |                                          |                9 |             22 |         2.44 |
|  clk_BUFG                        | cacheController/p_377_in[21]             |                                          |                8 |             22 |         2.75 |
|  clk_BUFG                        | cacheController/p_379_in[21]             |                                          |               15 |             22 |         1.47 |
|  clk_BUFG                        | cacheController/p_37_in[21]              |                                          |                7 |             22 |         3.14 |
|  clk_BUFG                        | cacheController/p_381_in[21]             |                                          |               14 |             22 |         1.57 |
|  clk_BUFG                        | cacheController/p_383_in[21]             |                                          |               11 |             22 |         2.00 |
|  clk_BUFG                        | cacheController/p_385_in[21]             |                                          |               10 |             22 |         2.20 |
|  clk_BUFG                        | cacheController/p_387_in[21]             |                                          |               13 |             22 |         1.69 |
|  clk_BUFG                        | cacheController/p_389_in[21]             |                                          |                9 |             22 |         2.44 |
|  clk_BUFG                        | cacheController/p_391_in[21]             |                                          |               10 |             22 |         2.20 |
|  clk_BUFG                        | cacheController/p_393_in[21]             |                                          |               13 |             22 |         1.69 |
|  clk_BUFG                        | cacheController/p_395_in[21]             |                                          |               10 |             22 |         2.20 |
|  clk_BUFG                        | cacheController/p_67_in[21]              |                                          |               13 |             22 |         1.69 |
|  clk_BUFG                        | cacheController/p_81_in[21]              |                                          |                6 |             22 |         3.67 |
|  clk_BUFG                        | cacheController/p_7_in[21]               |                                          |               12 |             22 |         1.83 |
|  clk_BUFG                        | cacheController/p_79_in[21]              |                                          |                6 |             22 |         3.67 |
|  clk_BUFG                        | cacheController/p_77_in[21]              |                                          |                4 |             22 |         5.50 |
|  clk_BUFG                        | cacheController/p_75_in[21]              |                                          |                8 |             22 |         2.75 |
|  clk_BUFG                        | cacheController/p_73_in[21]              |                                          |                5 |             22 |         4.40 |
|  clk_BUFG                        | cacheController/p_71_in[21]              |                                          |               11 |             22 |         2.00 |
|  clk_BUFG                        | cacheController/p_69_in[21]              |                                          |                4 |             22 |         5.50 |
|  clk_BUFG                        | cacheController/p_83_in[21]              |                                          |                6 |             22 |         3.67 |
|  clk_BUFG                        | cacheController/p_65_in[21]              |                                          |                5 |             22 |         4.40 |
|  clk_BUFG                        | cacheController/p_63_in[21]              |                                          |                8 |             22 |         2.75 |
|  clk_BUFG                        | cacheController/p_61_in[21]              |                                          |                9 |             22 |         2.44 |
|  clk_BUFG                        | cacheController/p_5_in[21]               |                                          |               14 |             22 |         1.57 |
|  clk_BUFG                        | cacheController/p_59_in[21]              |                                          |                5 |             22 |         4.40 |
|  clk_BUFG                        | cacheController/p_57_in[21]              |                                          |                5 |             22 |         4.40 |
|  clk_BUFG                        | cacheController/p_55_in[21]              |                                          |                8 |             22 |         2.75 |
|  clk_BUFG                        | cacheController/p_53_in[21]              |                                          |                9 |             22 |         2.44 |
|  clk_BUFG                        | cacheController/p_85_in[21]              |                                          |               10 |             22 |         2.20 |
|  clk_BUFG                        | cacheController/p_87_in[21]              |                                          |                6 |             22 |         3.67 |
|  clk_BUFG                        | cacheController/p_89_in[21]              |                                          |                5 |             22 |         4.40 |
|  clk_BUFG                        | cacheController/p_91_in[21]              |                                          |                6 |             22 |         3.67 |
|  clk_BUFG                        | cacheController/p_93_in[21]              |                                          |                6 |             22 |         3.67 |
|  clk_BUFG                        | cacheController/p_95_in[21]              |                                          |               11 |             22 |         2.00 |
|  clk_BUFG                        | cacheController/p_97_in[21]              |                                          |                7 |             22 |         3.14 |
|  clk_BUFG                        | cacheController/p_99_in[21]              | cacheController/tag_dir[205][21]_i_1_n_0 |                5 |             22 |         4.40 |
|  clk_BUFG                        | cacheController/p_9_in[21]               |                                          |               14 |             22 |         1.57 |
|  clk_in_IBUF_BUFG                |                                          |                                          |                7 |             22 |         3.14 |
|  clk_BUFG                        | cacheController/p_105_in[21]             |                                          |                8 |             22 |         2.75 |
|  clk_BUFG                        | cacheController/p_103_in[21]             |                                          |                7 |             22 |         3.14 |
|  clk_BUFG                        | cacheController/p_101_in[21]             |                                          |                9 |             22 |         2.44 |
|  clk_BUFG                        | cacheController/tag_dir[255][21]_i_1_n_0 |                                          |               14 |             22 |         1.57 |
|  clk_BUFG                        | cacheController/tag_dir[254][21]_i_1_n_0 |                                          |               15 |             22 |         1.47 |
|  clk_BUFG                        | cacheController/p_483_in[21]             |                                          |                8 |             22 |         2.75 |
|  clk_BUFG                        | cacheController/p_457_in[21]             |                                          |                7 |             22 |         3.14 |
|  clk_BUFG                        | cacheController/p_459_in[21]             |                                          |                7 |             22 |         3.14 |
|  clk_BUFG                        | cacheController/p_45_in[21]              |                                          |                8 |             22 |         2.75 |
|  clk_BUFG                        | cacheController/p_461_in[21]             |                                          |                9 |             22 |         2.44 |
|  clk_BUFG                        | cacheController/p_463_in[21]             |                                          |                8 |             22 |         2.75 |
|  clk_BUFG                        | cacheController/p_465_in[21]             |                                          |               12 |             22 |         1.83 |
|  clk_BUFG                        | cacheController/p_467_in[21]             |                                          |               12 |             22 |         1.83 |
|  clk_BUFG                        | cacheController/p_469_in[21]             |                                          |                6 |             22 |         3.67 |
|  clk_BUFG                        | cacheController/p_471_in[21]             |                                          |               12 |             22 |         1.83 |
|  clk_BUFG                        | cacheController/p_473_in[21]             |                                          |               10 |             22 |         2.20 |
|  clk_BUFG                        | cacheController/p_475_in[21]             |                                          |               11 |             22 |         2.00 |
|  clk_BUFG                        | cacheController/p_477_in[21]             |                                          |               14 |             22 |         1.57 |
|  clk_BUFG                        | cacheController/p_479_in[21]             |                                          |                5 |             22 |         4.40 |
|  clk_BUFG                        | cacheController/p_47_in[21]              |                                          |                5 |             22 |         4.40 |
|  clk_BUFG                        | cacheController/p_481_in[21]             |                                          |               12 |             22 |         1.83 |
|  clk_BUFG                        | cacheController/p_455_in[21]             |                                          |                8 |             22 |         2.75 |
|  clk_BUFG                        | cacheController/p_485_in[21]             |                                          |                4 |             22 |         5.50 |
|  clk_BUFG                        | cacheController/p_487_in[21]             |                                          |                8 |             22 |         2.75 |
|  clk_BUFG                        | cacheController/p_489_in[21]             |                                          |               15 |             22 |         1.47 |
|  clk_BUFG                        | cacheController/p_491_in[21]             |                                          |               17 |             22 |         1.29 |
|  clk_BUFG                        | cacheController/p_493_in[21]             |                                          |               15 |             22 |         1.47 |
|  clk_BUFG                        | cacheController/p_495_in[21]             |                                          |               16 |             22 |         1.38 |
|  clk_BUFG                        | cacheController/p_497_in[21]             |                                          |               16 |             22 |         1.38 |
|  clk_BUFG                        | cacheController/p_499_in[21]             |                                          |               10 |             22 |         2.20 |
|  clk_BUFG                        | cacheController/p_49_in[21]              |                                          |               10 |             22 |         2.20 |
|  clk_BUFG                        | cacheController/p_501_in[21]             |                                          |               12 |             22 |         1.83 |
|  clk_BUFG                        | cacheController/p_503_in[21]             |                                          |               10 |             22 |         2.20 |
|  clk_BUFG                        | cacheController/p_505_in[21]             |                                          |               10 |             22 |         2.20 |
|  clk_BUFG                        | cacheController/p_507_in[21]             |                                          |               10 |             22 |         2.20 |
|  clk_BUFG                        | cacheController/p_509_in[21]             |                                          |                7 |             22 |         3.14 |
|  clk_BUFG                        | cacheController/p_51_in[21]              |                                          |                9 |             22 |         2.44 |
|  clk_BUFG                        | cacheController/p_195_in[21]             |                                          |               11 |             22 |         2.00 |
|  clk_BUFG                        | cacheController/p_167_in[21]             |                                          |                7 |             22 |         3.14 |
|  clk_BUFG                        | cacheController/p_169_in[21]             |                                          |                9 |             22 |         2.44 |
|  clk_BUFG                        | cacheController/p_171_in[21]             |                                          |                8 |             22 |         2.75 |
|  clk_BUFG                        | cacheController/p_173_in[21]             |                                          |               16 |             22 |         1.38 |
|  clk_BUFG                        | cacheController/p_175_in[21]             |                                          |               12 |             22 |         1.83 |
|  clk_BUFG                        | cacheController/p_177_in[21]             |                                          |                5 |             22 |         4.40 |
|  clk_BUFG                        | cacheController/p_179_in[21]             |                                          |                9 |             22 |         2.44 |
|  clk_BUFG                        | cacheController/p_17_in[21]              |                                          |               16 |             22 |         1.38 |
|  clk_BUFG                        | cacheController/p_181_in[21]             |                                          |               10 |             22 |         2.20 |
|  clk_BUFG                        | cacheController/p_183_in[21]             |                                          |                7 |             22 |         3.14 |
|  clk_BUFG                        | cacheController/p_185_in[21]             |                                          |                4 |             22 |         5.50 |
|  clk_BUFG                        | cacheController/p_187_in[21]             |                                          |                7 |             22 |         3.14 |
|  clk_BUFG                        | cacheController/p_189_in[21]             |                                          |                9 |             22 |         2.44 |
|  clk_BUFG                        | cacheController/p_191_in[21]             |                                          |               10 |             22 |         2.20 |
|  clk_BUFG                        | cacheController/p_193_in[21]             |                                          |               10 |             22 |         2.20 |
|  clk_BUFG                        | cacheController/p_165_in[21]             |                                          |                6 |             22 |         3.67 |
|  clk_BUFG                        | cacheController/p_197_in[21]             |                                          |                6 |             22 |         3.67 |
|  clk_BUFG                        | cacheController/p_199_in[21]             |                                          |                5 |             22 |         4.40 |
|  clk_BUFG                        | cacheController/p_19_in[21]              |                                          |                9 |             22 |         2.44 |
|  clk_BUFG                        | cacheController/p_201_in[21]             |                                          |                9 |             22 |         2.44 |
|  clk_BUFG                        | cacheController/p_203_in[21]             |                                          |                9 |             22 |         2.44 |
|  clk_BUFG                        | cacheController/p_205_in[21]             |                                          |                7 |             22 |         3.14 |
|  clk_BUFG                        | cacheController/p_207_in[21]             |                                          |                4 |             22 |         5.50 |
|  clk_BUFG                        | cacheController/p_209_in[21]             |                                          |                3 |             22 |         7.33 |
|  clk_BUFG                        | cacheController/p_211_in[21]             |                                          |               11 |             22 |         2.00 |
|  clk_BUFG                        | cacheController/p_213_in[21]             |                                          |               12 |             22 |         1.83 |
|  clk_BUFG                        | cacheController/p_215_in[21]             |                                          |                4 |             22 |         5.50 |
|  clk_BUFG                        | cacheController/p_217_in[21]             |                                          |                8 |             22 |         2.75 |
|  clk_BUFG                        | cacheController/p_219_in[21]             |                                          |                5 |             22 |         4.40 |
|  clk_BUFG                        | cacheController/p_21_in[21]              |                                          |                9 |             22 |         2.44 |
|  clk_BUFG                        | cacheController/p_221_in[21]             |                                          |                8 |             22 |         2.75 |
|  clk_BUFG                        | cacheController/p_137_in[21]             |                                          |                6 |             22 |         3.67 |
|  clk_BUFG                        | cacheController/p_107_in[21]             |                                          |                6 |             22 |         3.67 |
|  clk_BUFG                        | cacheController/p_111_in[21]             | cacheController/tag_dir[199][21]_i_1_n_0 |                4 |             22 |         5.50 |
|  clk_BUFG                        | cacheController/p_113_in[21]             |                                          |                7 |             22 |         3.14 |
|  clk_BUFG                        | cacheController/p_115_in[21]             |                                          |                6 |             22 |         3.67 |
|  clk_BUFG                        | cacheController/p_117_in[21]             |                                          |                4 |             22 |         5.50 |
|  clk_BUFG                        | cacheController/p_119_in[21]             |                                          |                9 |             22 |         2.44 |
|  clk_BUFG                        | cacheController/p_11_in[21]              |                                          |               16 |             22 |         1.38 |
|  clk_BUFG                        | cacheController/p_121_in[21]             | cacheController/tag_dir[194][21]_i_1_n_0 |                6 |             22 |         3.67 |
|  clk_BUFG                        | cacheController/p_123_in[21]             |                                          |                5 |             22 |         4.40 |
|  clk_BUFG                        | cacheController/p_125_in[21]             |                                          |                8 |             22 |         2.75 |
|  clk_BUFG                        | cacheController/p_127_in[21]             |                                          |               11 |             22 |         2.00 |
|  clk_BUFG                        | cacheController/p_129_in[21]             |                                          |               13 |             22 |         1.69 |
|  clk_BUFG                        | cacheController/p_131_in[21]             |                                          |               13 |             22 |         1.69 |
|  clk_BUFG                        | cacheController/p_133_in[21]             |                                          |               17 |             22 |         1.29 |
|  clk_BUFG                        | cacheController/p_135_in[21]             |                                          |               13 |             22 |         1.69 |
|  clk_BUFG                        | cacheController/p_337_in[21]             |                                          |                7 |             22 |         3.14 |
|  clk_BUFG                        | cacheController/p_139_in[21]             |                                          |                9 |             22 |         2.44 |
|  clk_BUFG                        | cacheController/p_13_in[21]              |                                          |                9 |             22 |         2.44 |
|  clk_BUFG                        | cacheController/p_141_in[21]             |                                          |               13 |             22 |         1.69 |
|  clk_BUFG                        | cacheController/p_143_in[21]             |                                          |                9 |             22 |         2.44 |
|  clk_BUFG                        | cacheController/p_145_in[21]             | cacheController/tag_dir[182][21]_i_1_n_0 |               11 |             22 |         2.00 |
|  clk_BUFG                        | cacheController/p_147_in[21]             |                                          |               11 |             22 |         2.00 |
|  clk_BUFG                        | cacheController/p_149_in[21]             |                                          |               13 |             22 |         1.69 |
|  clk_BUFG                        | cacheController/p_151_in[21]             | cacheController/tag_dir[179][21]_i_1_n_0 |                7 |             22 |         3.14 |
|  clk_BUFG                        | cacheController/p_153_in[21]             | cacheController/tag_dir[178][21]_i_1_n_0 |                5 |             22 |         4.40 |
|  clk_BUFG                        | cacheController/p_155_in[21]             |                                          |               12 |             22 |         1.83 |
|  clk_BUFG                        | cacheController/p_157_in[21]             |                                          |               12 |             22 |         1.83 |
|  clk_BUFG                        | cacheController/p_159_in[21]             |                                          |                8 |             22 |         2.75 |
|  clk_BUFG                        | cacheController/p_15_in[21]              |                                          |                9 |             22 |         2.44 |
|  clk_BUFG                        | cacheController/p_161_in[21]             |                                          |               10 |             22 |         2.20 |
|  clk_BUFG                        | cacheController/p_163_in[21]             |                                          |                6 |             22 |         3.67 |
|  clk_BUFG                        | cacheController/p_309_in[21]             |                                          |               11 |             22 |         2.00 |
|  clk_BUFG                        | cacheController/p_281_in[21]             |                                          |               11 |             22 |         2.00 |
|  clk_BUFG                        | cacheController/p_283_in[21]             |                                          |               12 |             22 |         1.83 |
|  clk_BUFG                        | cacheController/p_285_in[21]             |                                          |               16 |             22 |         1.38 |
|  clk_BUFG                        | cacheController/p_287_in[21]             |                                          |                8 |             22 |         2.75 |
|  clk_BUFG                        | cacheController/p_289_in[21]             |                                          |               11 |             22 |         2.00 |
|  clk_BUFG                        | cacheController/p_291_in[21]             |                                          |                9 |             22 |         2.44 |
|  clk_BUFG                        | cacheController/p_293_in[21]             |                                          |               18 |             22 |         1.22 |
|  clk_BUFG                        | cacheController/p_295_in[21]             |                                          |               13 |             22 |         1.69 |
|  clk_BUFG                        | cacheController/p_297_in[21]             |                                          |                7 |             22 |         3.14 |
|  clk_BUFG                        | cacheController/p_299_in[21]             |                                          |                9 |             22 |         2.44 |
|  clk_BUFG                        | cacheController/p_29_in[21]              |                                          |                8 |             22 |         2.75 |
|  clk_BUFG                        | cacheController/p_301_in[21]             |                                          |               15 |             22 |         1.47 |
|  clk_BUFG                        | cacheController/p_303_in[21]             |                                          |                7 |             22 |         3.14 |
|  clk_BUFG                        | cacheController/p_305_in[21]             |                                          |                7 |             22 |         3.14 |
|  clk_BUFG                        | cacheController/p_307_in[21]             |                                          |                4 |             22 |         5.50 |
|  clk_BUFG                        | cacheController/p_225_in[21]             |                                          |                4 |             22 |         5.50 |
|  clk_BUFG                        | cacheController/p_311_in[21]             |                                          |               18 |             22 |         1.22 |
|  clk_BUFG                        | cacheController/p_313_in[21]             |                                          |               13 |             22 |         1.69 |
|  clk_BUFG                        | cacheController/p_315_in[21]             |                                          |               15 |             22 |         1.47 |
|  clk_BUFG                        | cacheController/p_317_in[21]             |                                          |               20 |             22 |         1.10 |
|  clk_BUFG                        | cacheController/p_319_in[21]             |                                          |               18 |             22 |         1.22 |
|  clk_BUFG                        | cacheController/p_31_in[21]              |                                          |               12 |             22 |         1.83 |
|  clk_BUFG                        | cacheController/p_321_in[21]             |                                          |               12 |             22 |         1.83 |
|  clk_BUFG                        | cacheController/p_323_in[21]             |                                          |               14 |             22 |         1.57 |
|  clk_BUFG                        | cacheController/p_325_in[21]             |                                          |               20 |             22 |         1.10 |
|  clk_BUFG                        | cacheController/p_327_in[21]             |                                          |               12 |             22 |         1.83 |
|  clk_BUFG                        | cacheController/p_329_in[21]             |                                          |               11 |             22 |         2.00 |
|  clk_BUFG                        | cacheController/p_331_in[21]             |                                          |               11 |             22 |         2.00 |
|  clk_BUFG                        | cacheController/p_333_in[21]             |                                          |               16 |             22 |         1.38 |
|  clk_BUFG                        | cacheController/p_335_in[21]             |                                          |               14 |             22 |         1.57 |
|  clk_BUFG                        | cacheController/p_339_in[21]             |                                          |               13 |             22 |         1.69 |
|  clk_BUFG                        | cacheController/p_279_in[21]             |                                          |                9 |             22 |         2.44 |
|  clk_BUFG                        | cacheController/p_223_in[21]             |                                          |                4 |             22 |         5.50 |
|  clk_BUFG                        | cacheController/p_227_in[21]             |                                          |                6 |             22 |         3.67 |
|  clk_BUFG                        | cacheController/p_229_in[21]             |                                          |                8 |             22 |         2.75 |
|  clk_BUFG                        | cacheController/p_231_in[21]             |                                          |                6 |             22 |         3.67 |
|  clk_BUFG                        | cacheController/p_233_in[21]             |                                          |                8 |             22 |         2.75 |
|  clk_BUFG                        | cacheController/p_235_in[21]             | cacheController/tag_dir[137][21]_i_1_n_0 |                6 |             22 |         3.67 |
|  clk_BUFG                        | cacheController/p_237_in[21]             |                                          |               11 |             22 |         2.00 |
|  clk_BUFG                        | cacheController/p_239_in[21]             |                                          |                7 |             22 |         3.14 |
|  clk_BUFG                        | cacheController/p_23_in[21]              |                                          |               14 |             22 |         1.57 |
|  clk_BUFG                        | cacheController/p_241_in[21]             |                                          |                6 |             22 |         3.67 |
|  clk_BUFG                        | cacheController/p_243_in[21]             |                                          |                5 |             22 |         4.40 |
|  clk_BUFG                        | cacheController/p_245_in[21]             |                                          |                9 |             22 |         2.44 |
|  clk_BUFG                        | cacheController/p_247_in[21]             |                                          |                7 |             22 |         3.14 |
|  clk_BUFG                        | cacheController/p_249_in[21]             |                                          |                6 |             22 |         3.67 |
|  clk_BUFG                        | cacheController/p_251_in[21]             |                                          |                7 |             22 |         3.14 |
|  clk_BUFG                        | cacheController/p_255_in[21]             |                                          |                5 |             22 |         4.40 |
|  clk_BUFG                        | cacheController/p_27_in[21]              |                                          |                8 |             22 |         2.75 |
|  clk_BUFG                        | cacheController/p_277_in[21]             |                                          |               13 |             22 |         1.69 |
|  clk_BUFG                        | cacheController/p_275_in[21]             |                                          |               10 |             22 |         2.20 |
|  clk_BUFG                        | cacheController/p_273_in[21]             |                                          |                4 |             22 |         5.50 |
|  clk_BUFG                        | cacheController/p_271_in[21]             | cacheController/tag_dir[119][21]_i_1_n_0 |                8 |             22 |         2.75 |
|  clk_BUFG                        | cacheController/p_269_in[21]             |                                          |               16 |             22 |         1.38 |
|  clk_BUFG                        | cacheController/p_267_in[21]             |                                          |               16 |             22 |         1.38 |
|  clk_BUFG                        | cacheController/p_265_in[21]             |                                          |                6 |             22 |         3.67 |
|  clk_BUFG                        | cacheController/p_263_in[21]             |                                          |               11 |             22 |         2.00 |
|  clk_BUFG                        | cacheController/p_261_in[21]             |                                          |               10 |             22 |         2.20 |
|  clk_BUFG                        | cacheController/p_25_in[21]              |                                          |                9 |             22 |         2.44 |
|  clk_BUFG                        | cacheController/p_259_in[21]             |                                          |                9 |             22 |         2.44 |
|  clk_BUFG                        | cacheController/p_257_in[21]             |                                          |               11 |             22 |         2.00 |
|  clk_BUFG                        | cacheController/p_253_in[21]             |                                          |                8 |             22 |         2.75 |
|  clk_in_IBUF_BUFG                |                                          | clockDivider/counter0_carry__1_n_3       |                7 |             27 |         3.86 |
|  clk_BUFG                        | cacheController/p_127_in[23]             | cacheController/clear                    |               29 |             38 |         1.31 |
|  clk_BUFG                        | cacheController/tag_bits__0              |                                          |               26 |             68 |         2.62 |
|  clk_BUFG                        | cacheController/p_129_in[25]             | cacheController/clear                    |              113 |            236 |         2.09 |
|  clk_BUFG                        | cacheController/p_129_in[23]             | cacheController/clear                    |              373 |            472 |         1.27 |
+----------------------------------+------------------------------------------+------------------------------------------+------------------+----------------+--------------+


