Copyright 1986-2022 Xilinx, Inc. All Rights Reserved.
--------------------------------------------------------------------------------------
| Tool Version : Vivado v.2022.1 (lin64) Build 3526262 Mon Apr 18 15:47:01 MDT 2022
| Date         : Sun Nov 20 21:59:21 2022
| Host         : kite running 64-bit CachyOS
| Command      : report_control_sets -verbose -file TopModule_control_sets_placed.rpt
| Design       : TopModule
| Device       : xc7a100t
--------------------------------------------------------------------------------------

Control Set Information

Table of Contents
-----------------
1. Summary
2. Histogram
3. Flip-Flop Distribution
4. Detailed Control Set Information

1. Summary
----------

+----------------------------------------------------------+-------+
|                          Status                          | Count |
+----------------------------------------------------------+-------+
| Total control sets                                       |   269 |
|    Minimum number of control sets                        |   269 |
|    Addition due to synthesis replication                 |     0 |
|    Addition due to physical synthesis replication        |     0 |
| Unused register locations in slices containing registers |   552 |
+----------------------------------------------------------+-------+
* Control sets can be merged at opt_design using control_set_merge or merge_equivalent_drivers
** Run report_qor_suggestions for automated merging and remapping suggestions


2. Histogram
------------

+--------------------+-------+
|       Fanout       | Count |
+--------------------+-------+
| Total control sets |   269 |
| >= 0 to < 4        |     1 |
| >= 4 to < 6        |     0 |
| >= 6 to < 8        |     1 |
| >= 8 to < 10       |     2 |
| >= 10 to < 12      |     0 |
| >= 12 to < 14      |     1 |
| >= 14 to < 16      |     1 |
| >= 16              |   263 |
+--------------------+-------+
* Control sets can be remapped at either synth_design or opt_design


3. Flip-Flop Distribution
-------------------------

+--------------+-----------------------+------------------------+-----------------+--------------+
| Clock Enable | Synchronous Set/Reset | Asynchronous Set/Reset | Total Registers | Total Slices |
+--------------+-----------------------+------------------------+-----------------+--------------+
| No           | No                    | No                     |              37 |           14 |
| No           | No                    | Yes                    |              15 |           11 |
| No           | Yes                   | No                     |              26 |            7 |
| Yes          | No                    | No                     |             110 |           43 |
| Yes          | No                    | Yes                    |            6412 |         3017 |
| Yes          | Yes                   | No                     |               0 |            0 |
+--------------+-----------------------+------------------------+-----------------+--------------+


4. Detailed Control Set Information
-----------------------------------

+-----------------------+------------------------------------------+-----------------------+------------------+----------------+--------------+
|      Clock Signal     |               Enable Signal              |    Set/Reset Signal   | Slice Load Count | Bel Load Count | Bels / Slice |
+-----------------------+------------------------------------------+-----------------------+------------------+----------------+--------------+
|  bcd1/p_0_in          |                                          |                       |                1 |              2 |         2.00 |
|  cacheController/E[0] |                                          |                       |                2 |              7 |         3.50 |
|  clk_BUFG             | cacheController/miss_count[7]_i_1_n_0    | cacheController/reset |                2 |              8 |         4.00 |
|  clk_BUFG             |                                          |                       |                5 |              9 |         1.80 |
|  clk_BUFG             | cacheController/fetch_reg_0              | cacheController/reset |                4 |             13 |         3.25 |
|  clk_BUFG             |                                          | cacheController/reset |               11 |             15 |         1.36 |
|  clk_in_IBUF_BUFG     |                                          |                       |                6 |             19 |         3.17 |
|  clk_BUFG             | cacheController/tag_dir[254][21]_i_1_n_0 | cacheController/reset |               12 |             22 |         1.83 |
|  clk_BUFG             | cacheController/tag_dir[30][21]_i_1_n_0  | cacheController/reset |               12 |             22 |         1.83 |
|  clk_BUFG             | cacheController/tag_dir[2][21]_i_1_n_0   | cacheController/reset |                6 |             22 |         3.67 |
|  clk_BUFG             | cacheController/tag_dir[29][21]_i_1_n_0  | cacheController/reset |               10 |             22 |         2.20 |
|  clk_BUFG             | cacheController/tag_dir[28][21]_i_1_n_0  | cacheController/reset |                5 |             22 |         4.40 |
|  clk_BUFG             | cacheController/tag_dir[27][21]_i_1_n_0  | cacheController/reset |               11 |             22 |         2.00 |
|  clk_BUFG             | cacheController/tag_dir[26][21]_i_1_n_0  | cacheController/reset |               11 |             22 |         2.00 |
|  clk_BUFG             | cacheController/tag_dir[25][21]_i_1_n_0  | cacheController/reset |                7 |             22 |         3.14 |
|  clk_BUFG             | cacheController/tag_dir[255][21]_i_1_n_0 | cacheController/reset |               15 |             22 |         1.47 |
|  clk_BUFG             | cacheController/tag_dir[32][21]_i_1_n_0  | cacheController/reset |                4 |             22 |         5.50 |
|  clk_BUFG             | cacheController/tag_dir[253][21]_i_1_n_0 | cacheController/reset |               12 |             22 |         1.83 |
|  clk_BUFG             | cacheController/tag_dir[252][21]_i_1_n_0 | cacheController/reset |               19 |             22 |         1.16 |
|  clk_BUFG             | cacheController/tag_dir[251][21]_i_1_n_0 | cacheController/reset |               10 |             22 |         2.20 |
|  clk_BUFG             | cacheController/tag_dir[250][21]_i_1_n_0 | cacheController/reset |                5 |             22 |         4.40 |
|  clk_BUFG             | cacheController/tag_dir[24][21]_i_1_n_0  | cacheController/reset |                8 |             22 |         2.75 |
|  clk_BUFG             | cacheController/tag_dir[249][21]_i_1_n_0 | cacheController/reset |               11 |             22 |         2.00 |
|  clk_BUFG             | cacheController/tag_dir[31][21]_i_1_n_0  | cacheController/reset |                8 |             22 |         2.75 |
|  clk_BUFG             | cacheController/tag_dir[247][21]_i_1_n_0 | cacheController/reset |               13 |             22 |         1.69 |
|  clk_BUFG             | cacheController/tag_dir[33][21]_i_1_n_0  | cacheController/reset |                8 |             22 |         2.75 |
|  clk_BUFG             | cacheController/tag_dir[34][21]_i_1_n_0  | cacheController/reset |                9 |             22 |         2.44 |
|  clk_BUFG             | cacheController/tag_dir[35][21]_i_1_n_0  | cacheController/reset |               10 |             22 |         2.20 |
|  clk_BUFG             | cacheController/tag_dir[36][21]_i_1_n_0  | cacheController/reset |                5 |             22 |         4.40 |
|  clk_BUFG             | cacheController/tag_dir[37][21]_i_1_n_0  | cacheController/reset |               13 |             22 |         1.69 |
|  clk_BUFG             | cacheController/tag_dir[38][21]_i_1_n_0  | cacheController/reset |               14 |             22 |         1.57 |
|  clk_BUFG             | cacheController/tag_dir[39][21]_i_1_n_0  | cacheController/reset |               13 |             22 |         1.69 |
|  clk_BUFG             | cacheController/tag_dir[3][21]_i_1_n_0   | cacheController/reset |               10 |             22 |         2.20 |
|  clk_BUFG             | cacheController/tag_dir[40][21]_i_1_n_0  | cacheController/reset |                6 |             22 |         3.67 |
|  clk_BUFG             | cacheController/tag_dir[41][21]_i_1_n_0  | cacheController/reset |               10 |             22 |         2.20 |
|  clk_BUFG             | cacheController/tag_dir[42][21]_i_1_n_0  | cacheController/reset |                8 |             22 |         2.75 |
|  clk_BUFG             | cacheController/tag_dir[43][21]_i_1_n_0  | cacheController/reset |               11 |             22 |         2.00 |
|  clk_BUFG             | cacheController/tag_dir[44][21]_i_1_n_0  | cacheController/reset |                7 |             22 |         3.14 |
|  clk_BUFG             | cacheController/tag_dir[45][21]_i_1_n_0  | cacheController/reset |                5 |             22 |         4.40 |
|  clk_BUFG             | cacheController/tag_dir[233][21]_i_1_n_0 | cacheController/reset |                5 |             22 |         4.40 |
|  clk_BUFG             | cacheController/tag_dir[219][21]_i_1_n_0 | cacheController/reset |                5 |             22 |         4.40 |
|  clk_BUFG             | cacheController/tag_dir[21][21]_i_1_n_0  | cacheController/reset |               10 |             22 |         2.20 |
|  clk_BUFG             | cacheController/tag_dir[220][21]_i_1_n_0 | cacheController/reset |               13 |             22 |         1.69 |
|  clk_BUFG             | cacheController/tag_dir[221][21]_i_1_n_0 | cacheController/reset |               12 |             22 |         1.83 |
|  clk_BUFG             | cacheController/tag_dir[223][21]_i_1_n_0 | cacheController/reset |                5 |             22 |         4.40 |
|  clk_BUFG             | cacheController/tag_dir[224][21]_i_1_n_0 | cacheController/reset |               10 |             22 |         2.20 |
|  clk_BUFG             | cacheController/tag_dir[225][21]_i_1_n_0 | cacheController/reset |               12 |             22 |         1.83 |
|  clk_BUFG             | cacheController/tag_dir[226][21]_i_1_n_0 | cacheController/reset |                4 |             22 |         5.50 |
|  clk_BUFG             | cacheController/tag_dir[227][21]_i_1_n_0 | cacheController/reset |                6 |             22 |         3.67 |
|  clk_BUFG             | cacheController/tag_dir[228][21]_i_1_n_0 | cacheController/reset |               10 |             22 |         2.20 |
|  clk_BUFG             | cacheController/tag_dir[229][21]_i_1_n_0 | cacheController/reset |                9 |             22 |         2.44 |
|  clk_BUFG             | cacheController/tag_dir[22][21]_i_1_n_0  | cacheController/reset |                8 |             22 |         2.75 |
|  clk_BUFG             | cacheController/tag_dir[230][21]_i_1_n_0 | cacheController/reset |                7 |             22 |         3.14 |
|  clk_BUFG             | cacheController/tag_dir[231][21]_i_1_n_0 | cacheController/reset |               15 |             22 |         1.47 |
|  clk_BUFG             | cacheController/tag_dir[232][21]_i_1_n_0 | cacheController/reset |               11 |             22 |         2.00 |
|  clk_BUFG             | cacheController/tag_dir[248][21]_i_1_n_0 | cacheController/reset |                9 |             22 |         2.44 |
|  clk_BUFG             | cacheController/tag_dir[234][21]_i_1_n_0 | cacheController/reset |                8 |             22 |         2.75 |
|  clk_BUFG             | cacheController/tag_dir[235][21]_i_1_n_0 | cacheController/reset |                7 |             22 |         3.14 |
|  clk_BUFG             | cacheController/tag_dir[236][21]_i_1_n_0 | cacheController/reset |                8 |             22 |         2.75 |
|  clk_BUFG             | cacheController/tag_dir[237][21]_i_1_n_0 | cacheController/reset |                8 |             22 |         2.75 |
|  clk_BUFG             | cacheController/tag_dir[238][21]_i_1_n_0 | cacheController/reset |                9 |             22 |         2.44 |
|  clk_BUFG             | cacheController/tag_dir[239][21]_i_1_n_0 | cacheController/reset |                8 |             22 |         2.75 |
|  clk_BUFG             | cacheController/tag_dir[23][21]_i_1_n_0  | cacheController/reset |               10 |             22 |         2.20 |
|  clk_BUFG             | cacheController/tag_dir[240][21]_i_1_n_0 | cacheController/reset |                9 |             22 |         2.44 |
|  clk_BUFG             | cacheController/tag_dir[241][21]_i_1_n_0 | cacheController/reset |                5 |             22 |         4.40 |
|  clk_BUFG             | cacheController/tag_dir[242][21]_i_1_n_0 | cacheController/reset |                8 |             22 |         2.75 |
|  clk_BUFG             | cacheController/tag_dir[243][21]_i_1_n_0 | cacheController/reset |               12 |             22 |         1.83 |
|  clk_BUFG             | cacheController/tag_dir[244][21]_i_1_n_0 | cacheController/reset |                9 |             22 |         2.44 |
|  clk_BUFG             | cacheController/tag_dir[245][21]_i_1_n_0 | cacheController/reset |               12 |             22 |         1.83 |
|  clk_BUFG             | cacheController/tag_dir[246][21]_i_1_n_0 | cacheController/reset |                6 |             22 |         3.67 |
|  clk_BUFG             | cacheController/tag_dir[47][21]_i_1_n_0  | cacheController/reset |               10 |             22 |         2.20 |
|  clk_BUFG             | cacheController/tag_dir[90][21]_i_1_n_0  | cacheController/reset |               10 |             22 |         2.20 |
|  clk_BUFG             | cacheController/tag_dir[76][21]_i_1_n_0  | cacheController/reset |                9 |             22 |         2.44 |
|  clk_BUFG             | cacheController/tag_dir[77][21]_i_1_n_0  | cacheController/reset |                7 |             22 |         3.14 |
|  clk_BUFG             | cacheController/tag_dir[78][21]_i_1_n_0  | cacheController/reset |               15 |             22 |         1.47 |
|  clk_BUFG             | cacheController/tag_dir[7][21]_i_1_n_0   | cacheController/reset |               17 |             22 |         1.29 |
|  clk_BUFG             | cacheController/tag_dir[80][21]_i_1_n_0  | cacheController/reset |               12 |             22 |         1.83 |
|  clk_BUFG             | cacheController/tag_dir[81][21]_i_1_n_0  | cacheController/reset |                8 |             22 |         2.75 |
|  clk_BUFG             | cacheController/tag_dir[82][21]_i_1_n_0  | cacheController/reset |                7 |             22 |         3.14 |
|  clk_BUFG             | cacheController/tag_dir[83][21]_i_1_n_0  | cacheController/reset |                8 |             22 |         2.75 |
|  clk_BUFG             | cacheController/tag_dir[84][21]_i_1_n_0  | cacheController/reset |               15 |             22 |         1.47 |
|  clk_BUFG             | cacheController/tag_dir[85][21]_i_1_n_0  | cacheController/reset |                4 |             22 |         5.50 |
|  clk_BUFG             | cacheController/tag_dir[86][21]_i_1_n_0  | cacheController/reset |               12 |             22 |         1.83 |
|  clk_BUFG             | cacheController/tag_dir[87][21]_i_1_n_0  | cacheController/reset |               13 |             22 |         1.69 |
|  clk_BUFG             | cacheController/tag_dir[88][21]_i_1_n_0  | cacheController/reset |                5 |             22 |         4.40 |
|  clk_BUFG             | cacheController/tag_dir[89][21]_i_1_n_0  | cacheController/reset |               14 |             22 |         1.57 |
|  clk_BUFG             | cacheController/tag_dir[8][21]_i_1_n_0   | cacheController/reset |               16 |             22 |         1.38 |
|  clk_BUFG             | cacheController/tag_dir[75][21]_i_1_n_0  | cacheController/reset |                5 |             22 |         4.40 |
|  clk_BUFG             | cacheController/tag_dir[91][21]_i_1_n_0  | cacheController/reset |               10 |             22 |         2.20 |
|  clk_BUFG             | cacheController/tag_dir[92][21]_i_1_n_0  | cacheController/reset |               11 |             22 |         2.00 |
|  clk_BUFG             | cacheController/tag_dir[93][21]_i_1_n_0  | cacheController/reset |                8 |             22 |         2.75 |
|  clk_BUFG             | cacheController/tag_dir[94][21]_i_1_n_0  | cacheController/reset |               11 |             22 |         2.00 |
|  clk_BUFG             | cacheController/tag_dir[95][21]_i_1_n_0  | cacheController/reset |               17 |             22 |         1.29 |
|  clk_BUFG             | cacheController/tag_dir[96][21]_i_1_n_0  | cacheController/reset |               14 |             22 |         1.57 |
|  clk_BUFG             | cacheController/tag_dir[97][21]_i_1_n_0  | cacheController/reset |               16 |             22 |         1.38 |
|  clk_BUFG             | cacheController/tag_dir[98][21]_i_1_n_0  | cacheController/reset |               14 |             22 |         1.57 |
|  clk_BUFG             | cacheController/tag_dir[99][21]_i_1_n_0  | cacheController/reset |               16 |             22 |         1.38 |
|  clk_BUFG             | cacheController/tag_dir[9][21]_i_1_n_0   | cacheController/reset |               19 |             22 |         1.16 |
|  clk_BUFG             | cacheController/p_2_in__0[21]            | cacheController/reset |                7 |             22 |         3.14 |
|  clk_BUFG             | cacheController/p_2_in__1[21]            | cacheController/reset |               14 |             22 |         1.57 |
|  clk_BUFG             | cacheController/tag_dir0_out[21]         | cacheController/reset |                8 |             22 |         2.75 |
|  clk_BUFG             | cacheController/tag_dir0_out__0[21]      | cacheController/reset |                8 |             22 |         2.75 |
|  clk_BUFG             | cacheController/tag_dir[0][21]_i_1_n_0   | cacheController/reset |                7 |             22 |         3.14 |
|  clk_BUFG             | cacheController/tag_dir[60][21]_i_1_n_0  | cacheController/reset |               11 |             22 |         2.00 |
|  clk_BUFG             | cacheController/tag_dir[101][21]_i_1_n_0 | cacheController/reset |                6 |             22 |         3.67 |
|  clk_BUFG             | cacheController/tag_dir[48][21]_i_1_n_0  | cacheController/reset |                9 |             22 |         2.44 |
|  clk_BUFG             | cacheController/tag_dir[49][21]_i_1_n_0  | cacheController/reset |                5 |             22 |         4.40 |
|  clk_BUFG             | cacheController/tag_dir[4][21]_i_1_n_0   | cacheController/reset |                6 |             22 |         3.67 |
|  clk_BUFG             | cacheController/tag_dir[50][21]_i_1_n_0  | cacheController/reset |               10 |             22 |         2.20 |
|  clk_BUFG             | cacheController/tag_dir[51][21]_i_1_n_0  | cacheController/reset |               11 |             22 |         2.00 |
|  clk_BUFG             | cacheController/tag_dir[52][21]_i_1_n_0  | cacheController/reset |               11 |             22 |         2.00 |
|  clk_BUFG             | cacheController/tag_dir[53][21]_i_1_n_0  | cacheController/reset |                9 |             22 |         2.44 |
|  clk_BUFG             | cacheController/tag_dir[54][21]_i_1_n_0  | cacheController/reset |               10 |             22 |         2.20 |
|  clk_BUFG             | cacheController/tag_dir[55][21]_i_1_n_0  | cacheController/reset |               12 |             22 |         1.83 |
|  clk_BUFG             | cacheController/tag_dir[56][21]_i_1_n_0  | cacheController/reset |               13 |             22 |         1.69 |
|  clk_BUFG             | cacheController/tag_dir[57][21]_i_1_n_0  | cacheController/reset |               13 |             22 |         1.69 |
|  clk_BUFG             | cacheController/tag_dir[58][21]_i_1_n_0  | cacheController/reset |               11 |             22 |         2.00 |
|  clk_BUFG             | cacheController/tag_dir[59][21]_i_1_n_0  | cacheController/reset |               16 |             22 |         1.38 |
|  clk_BUFG             | cacheController/tag_dir[5][21]_i_1_n_0   | cacheController/reset |               10 |             22 |         2.20 |
|  clk_BUFG             | cacheController/tag_dir[46][21]_i_1_n_0  | cacheController/reset |               10 |             22 |         2.20 |
|  clk_BUFG             | cacheController/tag_dir[61][21]_i_1_n_0  | cacheController/reset |               15 |             22 |         1.47 |
|  clk_BUFG             | cacheController/tag_dir[62][21]_i_1_n_0  | cacheController/reset |               15 |             22 |         1.47 |
|  clk_BUFG             | cacheController/tag_dir[63][21]_i_1_n_0  | cacheController/reset |               18 |             22 |         1.22 |
|  clk_BUFG             | cacheController/tag_dir[64][21]_i_1_n_0  | cacheController/reset |                7 |             22 |         3.14 |
|  clk_BUFG             | cacheController/tag_dir[65][21]_i_1_n_0  | cacheController/reset |                8 |             22 |         2.75 |
|  clk_BUFG             | cacheController/tag_dir[66][21]_i_1_n_0  | cacheController/reset |                8 |             22 |         2.75 |
|  clk_BUFG             | cacheController/tag_dir[67][21]_i_1_n_0  | cacheController/reset |                6 |             22 |         3.67 |
|  clk_BUFG             | cacheController/tag_dir[68][21]_i_1_n_0  | cacheController/reset |                7 |             22 |         3.14 |
|  clk_BUFG             | cacheController/tag_dir[69][21]_i_1_n_0  | cacheController/reset |                7 |             22 |         3.14 |
|  clk_BUFG             | cacheController/tag_dir[6][21]_i_1_n_0   | cacheController/reset |               12 |             22 |         1.83 |
|  clk_BUFG             | cacheController/tag_dir[70][21]_i_1_n_0  | cacheController/reset |                8 |             22 |         2.75 |
|  clk_BUFG             | cacheController/tag_dir[71][21]_i_1_n_0  | cacheController/reset |                7 |             22 |         3.14 |
|  clk_BUFG             | cacheController/tag_dir[72][21]_i_1_n_0  | cacheController/reset |                6 |             22 |         3.67 |
|  clk_BUFG             | cacheController/tag_dir[73][21]_i_1_n_0  | cacheController/reset |                6 |             22 |         3.67 |
|  clk_BUFG             | cacheController/tag_dir[74][21]_i_1_n_0  | cacheController/reset |                5 |             22 |         4.40 |
|  clk_BUFG             | cacheController/tag_dir[137][21]_i_1_n_0 | cacheController/reset |                8 |             22 |         2.75 |
|  clk_BUFG             | cacheController/tag_dir[145][21]_i_1_n_0 | cacheController/reset |                5 |             22 |         4.40 |
|  clk_BUFG             | cacheController/tag_dir[143][21]_i_1_n_0 | cacheController/reset |                9 |             22 |         2.44 |
|  clk_BUFG             | cacheController/tag_dir[142][21]_i_1_n_0 | cacheController/reset |                7 |             22 |         3.14 |
|  clk_BUFG             | cacheController/tag_dir[141][21]_i_1_n_0 | cacheController/reset |                7 |             22 |         3.14 |
|  clk_BUFG             | cacheController/tag_dir[140][21]_i_1_n_0 | cacheController/reset |               11 |             22 |         2.00 |
|  clk_BUFG             | cacheController/tag_dir[13][21]_i_1_n_0  | cacheController/reset |                5 |             22 |         4.40 |
|  clk_BUFG             | cacheController/tag_dir[139][21]_i_1_n_0 | cacheController/reset |                9 |             22 |         2.44 |
|  clk_BUFG             | cacheController/tag_dir[138][21]_i_1_n_0 | cacheController/reset |               10 |             22 |         2.20 |
|  clk_BUFG             | cacheController/tag_dir[146][21]_i_1_n_0 | cacheController/reset |                5 |             22 |         4.40 |
|  clk_BUFG             | cacheController/tag_dir[136][21]_i_1_n_0 | cacheController/reset |               10 |             22 |         2.20 |
|  clk_BUFG             | cacheController/tag_dir[135][21]_i_1_n_0 | cacheController/reset |               10 |             22 |         2.20 |
|  clk_BUFG             | cacheController/tag_dir[134][21]_i_1_n_0 | cacheController/reset |                8 |             22 |         2.75 |
|  clk_BUFG             | cacheController/tag_dir[133][21]_i_1_n_0 | cacheController/reset |               14 |             22 |         1.57 |
|  clk_BUFG             | cacheController/tag_dir[132][21]_i_1_n_0 | cacheController/reset |                8 |             22 |         2.75 |
|  clk_BUFG             | cacheController/tag_dir[131][21]_i_1_n_0 | cacheController/reset |                8 |             22 |         2.75 |
|  clk_BUFG             | cacheController/tag_dir[130][21]_i_1_n_0 | cacheController/reset |                8 |             22 |         2.75 |
|  clk_BUFG             | cacheController/tag_dir[12][21]_i_1_n_0  | cacheController/reset |                6 |             22 |         3.67 |
|  clk_BUFG             | cacheController/tag_dir[147][21]_i_1_n_0 | cacheController/reset |               15 |             22 |         1.47 |
|  clk_BUFG             | cacheController/tag_dir[148][21]_i_1_n_0 | cacheController/reset |                8 |             22 |         2.75 |
|  clk_BUFG             | cacheController/tag_dir[149][21]_i_1_n_0 | cacheController/reset |               13 |             22 |         1.69 |
|  clk_BUFG             | cacheController/tag_dir[14][21]_i_1_n_0  | cacheController/reset |               16 |             22 |         1.38 |
|  clk_BUFG             | cacheController/tag_dir[150][21]_i_1_n_0 | cacheController/reset |                5 |             22 |         4.40 |
|  clk_BUFG             | cacheController/tag_dir[151][21]_i_1_n_0 | cacheController/reset |               13 |             22 |         1.69 |
|  clk_BUFG             | cacheController/tag_dir[152][21]_i_1_n_0 | cacheController/reset |               11 |             22 |         2.00 |
|  clk_BUFG             | cacheController/tag_dir[153][21]_i_1_n_0 | cacheController/reset |               11 |             22 |         2.00 |
|  clk_BUFG             | cacheController/tag_dir[154][21]_i_1_n_0 | cacheController/reset |               10 |             22 |         2.20 |
|  clk_BUFG             | cacheController/tag_dir[155][21]_i_1_n_0 | cacheController/reset |                7 |             22 |         3.14 |
|  clk_BUFG             | cacheController/tag_dir[156][21]_i_1_n_0 | cacheController/reset |               12 |             22 |         1.83 |
|  clk_BUFG             | cacheController/tag_dir[157][21]_i_1_n_0 | cacheController/reset |               10 |             22 |         2.20 |
|  clk_BUFG             | cacheController/tag_dir[158][21]_i_1_n_0 | cacheController/reset |               13 |             22 |         1.69 |
|  clk_BUFG             | cacheController/tag_dir[159][21]_i_1_n_0 | cacheController/reset |               10 |             22 |         2.20 |
|  clk_BUFG             | cacheController/tag_dir[15][21]_i_1_n_0  | cacheController/reset |               10 |             22 |         2.20 |
|  clk_BUFG             | cacheController/tag_dir[115][21]_i_1_n_0 | cacheController/reset |                8 |             22 |         2.75 |
|  clk_BUFG             | cacheController/tag_dir[100][21]_i_1_n_0 | cacheController/reset |                5 |             22 |         4.40 |
|  clk_BUFG             | cacheController/tag_dir[102][21]_i_1_n_0 | cacheController/reset |                6 |             22 |         3.67 |
|  clk_BUFG             | cacheController/tag_dir[103][21]_i_1_n_0 | cacheController/reset |                4 |             22 |         5.50 |
|  clk_BUFG             | cacheController/tag_dir[104][21]_i_1_n_0 | cacheController/reset |                6 |             22 |         3.67 |
|  clk_BUFG             | cacheController/tag_dir[105][21]_i_1_n_0 | cacheController/reset |                5 |             22 |         4.40 |
|  clk_BUFG             | cacheController/tag_dir[106][21]_i_1_n_0 | cacheController/reset |                8 |             22 |         2.75 |
|  clk_BUFG             | cacheController/tag_dir[107][21]_i_1_n_0 | cacheController/reset |                7 |             22 |         3.14 |
|  clk_BUFG             | cacheController/tag_dir[108][21]_i_1_n_0 | cacheController/reset |                7 |             22 |         3.14 |
|  clk_BUFG             | cacheController/tag_dir[109][21]_i_1_n_0 | cacheController/reset |               11 |             22 |         2.00 |
|  clk_BUFG             | cacheController/tag_dir[10][21]_i_1_n_0  | cacheController/reset |                8 |             22 |         2.75 |
|  clk_BUFG             | cacheController/tag_dir[110][21]_i_1_n_0 | cacheController/reset |               12 |             22 |         1.83 |
|  clk_BUFG             | cacheController/tag_dir[111][21]_i_1_n_0 | cacheController/reset |                5 |             22 |         4.40 |
|  clk_BUFG             | cacheController/tag_dir[112][21]_i_1_n_0 | cacheController/reset |                8 |             22 |         2.75 |
|  clk_BUFG             | cacheController/tag_dir[113][21]_i_1_n_0 | cacheController/reset |                6 |             22 |         3.67 |
|  clk_BUFG             | cacheController/tag_dir[114][21]_i_1_n_0 | cacheController/reset |                6 |             22 |         3.67 |
|  clk_BUFG             | cacheController/tag_dir[216][21]_i_1_n_0 | cacheController/reset |               10 |             22 |         2.20 |
|  clk_BUFG             | cacheController/tag_dir[116][21]_i_1_n_0 | cacheController/reset |                6 |             22 |         3.67 |
|  clk_BUFG             | cacheController/tag_dir[117][21]_i_1_n_0 | cacheController/reset |               11 |             22 |         2.00 |
|  clk_BUFG             | cacheController/tag_dir[118][21]_i_1_n_0 | cacheController/reset |               10 |             22 |         2.20 |
|  clk_BUFG             | cacheController/tag_dir[119][21]_i_1_n_0 | cacheController/reset |                5 |             22 |         4.40 |
|  clk_BUFG             | cacheController/tag_dir[11][21]_i_1_n_0  | cacheController/reset |               11 |             22 |         2.00 |
|  clk_BUFG             | cacheController/tag_dir[120][21]_i_1_n_0 | cacheController/reset |               11 |             22 |         2.00 |
|  clk_BUFG             | cacheController/tag_dir[121][21]_i_1_n_0 | cacheController/reset |               10 |             22 |         2.20 |
|  clk_BUFG             | cacheController/tag_dir[122][21]_i_1_n_0 | cacheController/reset |               10 |             22 |         2.20 |
|  clk_BUFG             | cacheController/tag_dir[123][21]_i_1_n_0 | cacheController/reset |                8 |             22 |         2.75 |
|  clk_BUFG             | cacheController/tag_dir[124][21]_i_1_n_0 | cacheController/reset |                7 |             22 |         3.14 |
|  clk_BUFG             | cacheController/tag_dir[125][21]_i_1_n_0 | cacheController/reset |               11 |             22 |         2.00 |
|  clk_BUFG             | cacheController/tag_dir[126][21]_i_1_n_0 | cacheController/reset |                9 |             22 |         2.44 |
|  clk_BUFG             | cacheController/tag_dir[127][21]_i_1_n_0 | cacheController/reset |                8 |             22 |         2.75 |
|  clk_BUFG             | cacheController/tag_dir[128][21]_i_1_n_0 | cacheController/reset |                7 |             22 |         3.14 |
|  clk_BUFG             | cacheController/tag_dir[129][21]_i_1_n_0 | cacheController/reset |                8 |             22 |         2.75 |
|  clk_BUFG             | cacheController/tag_dir[202][21]_i_1_n_0 | cacheController/reset |                8 |             22 |         2.75 |
|  clk_BUFG             | cacheController/tag_dir[18][21]_i_1_n_0  | cacheController/reset |               10 |             22 |         2.20 |
|  clk_BUFG             | cacheController/tag_dir[190][21]_i_1_n_0 | cacheController/reset |               14 |             22 |         1.57 |
|  clk_BUFG             | cacheController/tag_dir[191][21]_i_1_n_0 | cacheController/reset |               19 |             22 |         1.16 |
|  clk_BUFG             | cacheController/tag_dir[192][21]_i_1_n_0 | cacheController/reset |                7 |             22 |         3.14 |
|  clk_BUFG             | cacheController/tag_dir[193][21]_i_1_n_0 | cacheController/reset |                5 |             22 |         4.40 |
|  clk_BUFG             | cacheController/tag_dir[194][21]_i_1_n_0 | cacheController/reset |                8 |             22 |         2.75 |
|  clk_BUFG             | cacheController/tag_dir[195][21]_i_1_n_0 | cacheController/reset |                4 |             22 |         5.50 |
|  clk_BUFG             | cacheController/tag_dir[196][21]_i_1_n_0 | cacheController/reset |                7 |             22 |         3.14 |
|  clk_BUFG             | cacheController/tag_dir[197][21]_i_1_n_0 | cacheController/reset |                4 |             22 |         5.50 |
|  clk_BUFG             | cacheController/tag_dir[198][21]_i_1_n_0 | cacheController/reset |                8 |             22 |         2.75 |
|  clk_BUFG             | cacheController/tag_dir[199][21]_i_1_n_0 | cacheController/reset |                6 |             22 |         3.67 |
|  clk_BUFG             | cacheController/tag_dir[19][21]_i_1_n_0  | cacheController/reset |               11 |             22 |         2.00 |
|  clk_BUFG             | cacheController/tag_dir[1][21]_i_1_n_0   | cacheController/reset |                8 |             22 |         2.75 |
|  clk_BUFG             | cacheController/tag_dir[200][21]_i_1_n_0 | cacheController/reset |               10 |             22 |         2.20 |
|  clk_BUFG             | cacheController/tag_dir[201][21]_i_1_n_0 | cacheController/reset |               10 |             22 |         2.20 |
|  clk_BUFG             | cacheController/tag_dir[161][21]_i_1_n_0 | cacheController/reset |                8 |             22 |         2.75 |
|  clk_BUFG             | cacheController/tag_dir[203][21]_i_1_n_0 | cacheController/reset |                7 |             22 |         3.14 |
|  clk_BUFG             | cacheController/tag_dir[204][21]_i_1_n_0 | cacheController/reset |                9 |             22 |         2.44 |
|  clk_BUFG             | cacheController/tag_dir[205][21]_i_1_n_0 | cacheController/reset |               10 |             22 |         2.20 |
|  clk_BUFG             | cacheController/tag_dir[206][21]_i_1_n_0 | cacheController/reset |               11 |             22 |         2.00 |
|  clk_BUFG             | cacheController/tag_dir[207][21]_i_1_n_0 | cacheController/reset |                8 |             22 |         2.75 |
|  clk_BUFG             | cacheController/tag_dir[208][21]_i_1_n_0 | cacheController/reset |                8 |             22 |         2.75 |
|  clk_BUFG             | cacheController/tag_dir[209][21]_i_1_n_0 | cacheController/reset |                6 |             22 |         3.67 |
|  clk_BUFG             | cacheController/tag_dir[20][21]_i_1_n_0  | cacheController/reset |                8 |             22 |         2.75 |
|  clk_BUFG             | cacheController/tag_dir[210][21]_i_1_n_0 | cacheController/reset |               10 |             22 |         2.20 |
|  clk_BUFG             | cacheController/tag_dir[211][21]_i_1_n_0 | cacheController/reset |               10 |             22 |         2.20 |
|  clk_BUFG             | cacheController/tag_dir[212][21]_i_1_n_0 | cacheController/reset |               11 |             22 |         2.00 |
|  clk_BUFG             | cacheController/tag_dir[213][21]_i_1_n_0 | cacheController/reset |                5 |             22 |         4.40 |
|  clk_BUFG             | cacheController/tag_dir[214][21]_i_1_n_0 | cacheController/reset |                7 |             22 |         3.14 |
|  clk_BUFG             | cacheController/tag_dir[215][21]_i_1_n_0 | cacheController/reset |                7 |             22 |         3.14 |
|  clk_BUFG             | cacheController/tag_dir[217][21]_i_1_n_0 | cacheController/reset |                7 |             22 |         3.14 |
|  clk_BUFG             | cacheController/tag_dir[188][21]_i_1_n_0 | cacheController/reset |               15 |             22 |         1.47 |
|  clk_BUFG             | cacheController/tag_dir[160][21]_i_1_n_0 | cacheController/reset |                9 |             22 |         2.44 |
|  clk_BUFG             | cacheController/tag_dir[162][21]_i_1_n_0 | cacheController/reset |               11 |             22 |         2.00 |
|  clk_BUFG             | cacheController/tag_dir[163][21]_i_1_n_0 | cacheController/reset |               11 |             22 |         2.00 |
|  clk_BUFG             | cacheController/tag_dir[164][21]_i_1_n_0 | cacheController/reset |               12 |             22 |         1.83 |
|  clk_BUFG             | cacheController/tag_dir[165][21]_i_1_n_0 | cacheController/reset |               14 |             22 |         1.57 |
|  clk_BUFG             | cacheController/tag_dir[166][21]_i_1_n_0 | cacheController/reset |                7 |             22 |         3.14 |
|  clk_BUFG             | cacheController/tag_dir[167][21]_i_1_n_0 | cacheController/reset |                9 |             22 |         2.44 |
|  clk_BUFG             | cacheController/tag_dir[168][21]_i_1_n_0 | cacheController/reset |                6 |             22 |         3.67 |
|  clk_BUFG             | cacheController/tag_dir[169][21]_i_1_n_0 | cacheController/reset |               14 |             22 |         1.57 |
|  clk_BUFG             | cacheController/tag_dir[16][21]_i_1_n_0  | cacheController/reset |                5 |             22 |         4.40 |
|  clk_BUFG             | cacheController/tag_dir[170][21]_i_1_n_0 | cacheController/reset |               14 |             22 |         1.57 |
|  clk_BUFG             | cacheController/tag_dir[171][21]_i_1_n_0 | cacheController/reset |               13 |             22 |         1.69 |
|  clk_BUFG             | cacheController/tag_dir[172][21]_i_1_n_0 | cacheController/reset |               11 |             22 |         2.00 |
|  clk_BUFG             | cacheController/tag_dir[173][21]_i_1_n_0 | cacheController/reset |               13 |             22 |         1.69 |
|  clk_BUFG             | cacheController/tag_dir[174][21]_i_1_n_0 | cacheController/reset |                8 |             22 |         2.75 |
|  clk_BUFG             | cacheController/tag_dir[176][21]_i_1_n_0 | cacheController/reset |                9 |             22 |         2.44 |
|  clk_BUFG             | cacheController/tag_dir[189][21]_i_1_n_0 | cacheController/reset |               13 |             22 |         1.69 |
|  clk_BUFG             | cacheController/tag_dir[187][21]_i_1_n_0 | cacheController/reset |               15 |             22 |         1.47 |
|  clk_BUFG             | cacheController/tag_dir[186][21]_i_1_n_0 | cacheController/reset |               16 |             22 |         1.38 |
|  clk_BUFG             | cacheController/tag_dir[185][21]_i_1_n_0 | cacheController/reset |               11 |             22 |         2.00 |
|  clk_BUFG             | cacheController/tag_dir[184][21]_i_1_n_0 | cacheController/reset |               17 |             22 |         1.29 |
|  clk_BUFG             | cacheController/tag_dir[183][21]_i_1_n_0 | cacheController/reset |               17 |             22 |         1.29 |
|  clk_BUFG             | cacheController/tag_dir[182][21]_i_1_n_0 | cacheController/reset |               11 |             22 |         2.00 |
|  clk_BUFG             | cacheController/tag_dir[181][21]_i_1_n_0 | cacheController/reset |               12 |             22 |         1.83 |
|  clk_BUFG             | cacheController/tag_dir[180][21]_i_1_n_0 | cacheController/reset |               15 |             22 |         1.47 |
|  clk_BUFG             | cacheController/tag_dir[17][21]_i_1_n_0  | cacheController/reset |                6 |             22 |         3.67 |
|  clk_BUFG             | cacheController/tag_dir[179][21]_i_1_n_0 | cacheController/reset |               11 |             22 |         2.00 |
|  clk_BUFG             | cacheController/tag_dir[178][21]_i_1_n_0 | cacheController/reset |               15 |             22 |         1.47 |
|  clk_BUFG             | cacheController/tag_dir[177][21]_i_1_n_0 | cacheController/reset |               14 |             22 |         1.57 |
|  clk_BUFG             | cacheController/tag_dir[175][21]_i_1_n_0 | cacheController/reset |               16 |             22 |         1.38 |
|  clk_in_IBUF_BUFG     |                                          | clockDivider/clk_out  |                7 |             26 |         3.71 |
|  clk_BUFG             | cacheController/tag_dir[222][25]_i_1_n_0 | cacheController/reset |               19 |             39 |         2.05 |
|  clk_BUFG             | cacheController/p_2_in__0[23]            | cacheController/reset |               72 |             78 |         1.08 |
|  clk_BUFG             | cacheController/tag_bits__0              |                       |               43 |            110 |         2.56 |
|  clk_BUFG             | cacheController/tag_dir0_out__0[25]      | cacheController/reset |               82 |            212 |         2.59 |
|  clk_BUFG             | cacheController/tag_dir[79][23]_i_1_n_0  | cacheController/reset |              378 |            430 |         1.14 |
+-----------------------+------------------------------------------+-----------------------+------------------+----------------+--------------+


